border_size=1
usage=map

_off^_usr   , _off^_usr   , _off^_usr   , _off^_usr   , _off^_usr   , _off^_usr   , _off^_usr   , _off^_usr   , _off^_usr   , _off^_usr   , _off^_usr   , _off^_usr   , _off^_usr   , _off^_usr   , _off^_usr   , _off^_usr   , _off^_usr   , _off^_usr   , _off^_usr   , _off^_usr   , Xu          , Xu          , Xu          , _off^_usr   , _off^_usr   , _off^_usr   , _off^_usr   , _off^_usr   , _off^_usr   , _off^_usr   , _off^_usr   , _off^_usr   , _off^_usr   , _off^_usr   , _off^_usr   , _off^_usr   , _off^_usr   , _off^_usr   , _off^_usr   , _off^_usr   , _off^_usr   , _off^_usr   , _off^_usr   
_off^_usr   , _off^_usr   , _off^_usr   , _off^_usr   , _off^_usr   , _off^_usr   , _off^_usr   , _off^_usr   , _off^_usr   , _off^_usr   , _off^_usr   , _off^_usr   , _off^_usr   , _off^_usr   , _off^_usr   , _off^_usr   , _off^_usr   , _off^_usr   , Xu          , Xu          , Wwr         , Wo          , Wwr         , Xu          , Xu          , _off^_usr   , _off^_usr   , _off^_usr   , _off^_usr   , _off^_usr   , _off^_usr   , _off^_usr   , _off^_usr   , _off^_usr   , _off^_usr   , _off^_usr   , _off^_usr   , _off^_usr   , _off^_usr   , _off^_usr   , _off^_usr   , _off^_usr   , _off^_usr   
_off^_usr   , _off^_usr   , _off^_usr   , _off^_usr   , _off^_usr   , _off^_usr   , _off^_usr   , _off^_usr   , _off^_usr   , _off^_usr   , _off^_usr   , _off^_usr   , _off^_usr   , _off^_usr   , _off^_usr   , _off^_usr   , Xu          , Xu          , Cud         , Cud         , Wwr         , Wo          , Wwr         , Cud         , Cud         , Xu          , Xu          , _off^_usr   , _off^_usr   , _off^_usr   , _off^_usr   , _off^_usr   , _off^_usr   , _off^_usr   , _off^_usr   , _off^_usr   , _off^_usr   , _off^_usr   , _off^_usr   , _off^_usr   , _off^_usr   , _off^_usr   , _off^_usr   
_off^_usr   , _off^_usr   , _off^_usr   , _off^_usr   , _off^_usr   , _off^_usr   , _off^_usr   , _off^_usr   , _off^_usr   , _off^_usr   , _off^_usr   , _off^_usr   , _off^_usr   , _off^_usr   , Xu          , Xu          , Cud         , Cud         , Cud         , Cud         , Ww          , Wo          , Ww          , Cud         , Cud         , Cud         , Cud         , Xu          , Xu          , _off^_usr   , _off^_usr   , _off^_usr   , _off^_usr   , _off^_usr   , _off^_usr   , _off^_usr   , _off^_usr   , _off^_usr   , _off^_usr   , _off^_usr   , _off^_usr   , _off^_usr   , _off^_usr   
_off^_usr   , _off^_usr   , _off^_usr   , _off^_usr   , _off^_usr   , _off^_usr   , _off^_usr   , _off^_usr   , _off^_usr   , _off^_usr   , _off^_usr   , _off^_usr   , Xu          , Xu          , Gs^Fds      , Gs^Fds      , Gs^Fds      , Cud         , Cud         , Cud         , Ww          , Ww          , Ww          , Cud         , Cud         , Cud         , Re^Gvs      , Re^Gvs      , Re^Gvs      , Xu          , Xu          , _off^_usr   , _off^_usr   , _off^_usr   , _off^_usr   , _off^_usr   , _off^_usr   , _off^_usr   , _off^_usr   , _off^_usr   , _off^_usr   , _off^_usr   , _off^_usr   
_off^_usr   , _off^_usr   , _off^_usr   , _off^_usr   , _off^_usr   , _off^_usr   , _off^_usr   , _off^_usr   , _off^_usr   , _off^_usr   , Xu          , Xu          , Cud         , Cud         , Gs^Fds      , Gg^Vo       , Gs^Fds      , Cud         , Cud         , Cud         , Ww          , Wo          , Ww          , Cud         , Cud         , Cud         , Re^Gvs      , Gg^Ve       , Re^Gvs      , Cud         , Cud         , Xu          , Xu          , _off^_usr   , _off^_usr   , _off^_usr   , _off^_usr   , _off^_usr   , _off^_usr   , _off^_usr   , _off^_usr   , _off^_usr   , _off^_usr   
_off^_usr   , _off^_usr   , _off^_usr   , _off^_usr   , _off^_usr   , _off^_usr   , _off^_usr   , _off^_usr   , Xu          , Xu          , Cud         , Cud         , Cud         , Cud         , Cud         , Gs^Fds      , Cud         , Cud         , Cud         , Cud         , Ww          , Wo          , Ww          , Cud         , Cud         , Cud         , Cud         , Re^Gvs      , Cud         , Cud         , Cud         , Cud         , Cud         , Xu          , Xu          , _off^_usr   , _off^_usr   , _off^_usr   , _off^_usr   , _off^_usr   , _off^_usr   , _off^_usr   , _off^_usr   
_off^_usr   , _off^_usr   , _off^_usr   , _off^_usr   , _off^_usr   , _off^_usr   , Xu          , Xu          , Cud         , Cud         , Cud         , Cud         , Cud         , Cud         , Cud         , Cud         , Cud         , Cud         , Cud         , Cud         , Ww          , Wwf         , Ww          , Cud         , Cud         , Cud         , Cud         , Cud         , Cud         , Cud         , Cud         , Cud         , Cud         , Cud         , Cud         , Xu          , Xu          , _off^_usr   , _off^_usr   , _off^_usr   , _off^_usr   , _off^_usr   , _off^_usr   
_off^_usr   , _off^_usr   , _off^_usr   , _off^_usr   , Xu          , Xu          , Re^Gvs      , Re^Gvs      , Re^Gvs      , Cud         , Cud         , Cud         , 2 Ko        , Cud         , Cud         , Cud         , Cud         , Cud         , Cud         , Cud         , Ww          , Wo          , Ww          , Cud         , Cud         , Cud         , Cud         , Cud         , Cud         , Cud         , 5 Ko        , Cud         , Cud         , Cud         , Gs^Ft       , Gs^Ft       , Gs^Ft       , Xu          , Xu          , _off^_usr   , _off^_usr   , _off^_usr   , _off^_usr   
_off^_usr   , _off^_usr   , Xu          , Xu          , Cud         , Cud         , Re^Gvs      , Gg^Ve       , Re^Gvs      , Cud         , Cud         , Cud         , Cud         , Cud         , Cud         , Cud         , Dd^Do       , Cud         , Cud         , Cud         , Ww          , Wo          , Ww          , Cud         , Cud         , Cud         , Dd^Do       , Cud         , Cud         , Cud         , Cud         , Cud         , Cud         , Cud         , Gs^Ft       , Dd^Vda      , Gs^Ft       , Cud         , Cud         , Xu          , Xu          , _off^_usr   , _off^_usr   
_off^_usr   , Xu          , Wwr         , Cud         , Cud         , Cud         , Cud         , Re^Gvs      , Cud         , Cud         , Cud         , Cud         , Cud         , Cud         , Ha^Fma      , Cud         , Cud         , Cud         , Cud         , Cud         , Ww          , Wo          , Ww          , Cud         , Cud         , Cud         , Cud         , Cud         , Ha^Fma      , Cud         , Cud         , Cud         , Cud         , Cud         , Cud         , Gs^Ft       , Cud         , Cud         , Cud         , Cud         , Wwr         , Xu          , _off^_usr   
_off^_usr   , Xu          , Wo          , Wwr         , Ww          , Cud         , Cud         , Cud         , Cud         , Cud         , Cud         , Cud         , Dd^Do       , Cud         , Cud         , Cud         , Cud         , Cud         , Cud         , Cud         , Ww          , Wwf         , Ww          , Cud         , Cud         , Cud         , Cud         , Cud         , Cud         , Cud         , Dd^Do       , Cud         , Cud         , Cud         , Cud         , Cud         , Cud         , Cud         , Ww          , Wwr         , Wo          , Xu          , _off^_usr   
_off^_usr   , Xu          , Wwr         , Wo          , Ww          , Ww          , Ww          , Cud         , Cud         , Cud         , Cud         , Cud         , Cud         , Cud         , Cud         , Cud         , Gs^Fms      , Cud         , Cud         , Cud         , Ww          , Wo          , Ww          , Cud         , Cud         , Cud         , Gs^Fms      , Cud         , Cud         , Cud         , Cud         , Cud         , Cud         , Cud         , Cud         , Cud         , Ww          , Ww          , Ww          , Wo          , Wwr         , Xu          , _off^_usr   
_off^_usr   , Xu          , Cud         , Ww          , Ww          , Wo          , Wo          , Ww          , Ww          , Cud         , Cud         , Cud         , Cud         , Cud         , Cud         , Gs^Fms      , Gg^Ve       , Gs^Fms      , Cud         , Cud         , Ww          , Wo          , Ww          , Cud         , Cud         , Gs^Fms      , Rr^Vd       , Gs^Fms      , Cud         , Cud         , Cud         , Cud         , Cud         , Cud         , Ww          , Ww          , Wo          , Wo          , Ww          , Ww          , Cud         , Xu          , _off^_usr   
_off^_usr   , Xu          , Cud         , Cud         , Cud         , Ww          , Ww          , Wwf         , Wo          , Ww          , Ww          , Cud         , Cud         , Cud         , Cud         , Gs^Fms      , Gs^Fms      , Gs^Fms      , Cud         , Xu          , Ww          , Ww^Ewf      , Ww          , Xu          , Cud         , Gs^Fms      , Gs^Fms      , Gs^Fms      , Cud         , Cud         , Cud         , Cud         , Ww          , Ww          , Wo          , Wwf         , Ww          , Ww          , Cud         , Cud         , Cud         , Xu          , _off^_usr   
_off^_usr   , Xu          , Cud         , Cud         , Cud         , Cud         , Cud         , Ww          , Ww          , Wo          , Wo          , Ww          , Ww          , Cud         , Cud         , Cud         , Cud         , Cud         , Cud         , Xu          , Ww          , Wo          , Ww          , Xu          , Cud         , Cud         , Cud         , Cud         , Cud         , Cud         , Ww          , Ww          , Wo          , Wo          , Ww          , Ww          , Cud         , Cud         , Cud         , Cud         , Cud         , Xu          , _off^_usr   
_off^_usr   , Xu          , Gll^Fp      , Gll^Fp      , Gll^Fp      , Cud         , Cud         , Cud         , Cud         , Ww          , Ww          , Wwf         , Wo          , Ww          , Ww          , Xu          , Xu          , Cud         , Ko          , Xu          , Ww          , Wwf         , Ww          , Xu          , Ko          , Cud         , Xu          , Xu          , Ww          , Ww          , Wo          , Wwf         , Ww          , Ww          , Cud         , Cud         , Cud         , Cud         , Re^Gvs      , Re^Gvs      , Re^Gvs      , Xu          , _off^_usr   
_off^_usr   , Xu          , Gll^Fp      , Gd^Vo       , Gll^Fp      , Cud         , Cud         , Cud         , Cud         , Cud         , Cud         , Ww          , Ww          , Wo          , Ww^Ewf      , Ww          , Ww          , Xu          , Xu          , Xu          , Wwf         , Wwf         , Wwf         , Xu          , Xu          , Xu          , Ww          , Ww          , Ww^Ewf      , Wo          , Ww          , Ww          , Cud         , Cud         , Cud         , Cud         , Cud         , Cud         , Re^Gvs      , Gg^Ve       , Re^Gvs      , Xu          , _off^_usr   
_off^_usr   , Xu          , Cud         , Gll^Fp      , Cud         , Cud         , Cud         , Cud         , Cud         , Cud         , Cud         , Cud         , Xu          , Ww          , Ww          , Wo          , Wwf         , Ww          , Wwf         , Xu          , Gg^Efm      , Wwf         , Gg^Efm      , Xu          , Wwf         , Ww          , Wwf         , Wo          , Ww          , Ww          , Xu          , Cud         , Cud         , Cud         , Cud         , Cud         , Cud         , Cud         , Cud         , Re^Gvs      , Cud         , Xu          , _off^_usr   
_off^_usr   , Xu          , Cud         , Cud         , Cud         , Cud         , Cud         , Dd^Do       , Cud         , Cud         , Cud         , Cud         , Cud         , Xu          , Xu          , Ww          , Ww          , Wwf         , Wwf         , Gg^Efm      , Gg^Efm      , Hh^Fds      , Gg^Efm      , Gg^Efm      , Wwf         , Wwf         , Ww          , Ww          , Xu          , Xu          , Cud         , Cud         , Cud         , Cud         , Cud         , Dd^Do       , Cud         , Cud         , Cud         , Cud         , Cud         , Xu          , _off^_usr   
_off^_usr   , Xu          , Cud         , Cud         , Cud         , Cud         , Cud         , Cud         , Cud         , Cud         , Gs^Fms      , Gs^Fms      , Gs^Fms      , Cud         , Cud         , Xu          , Xu          , Wwf         , Gg^Efm      , Hh^Fds      , Ss^Vhs      , Ss^Vhs      , Ss^Vhs      , Hh^Fds      , Gg^Efm      , Wwf         , Xu          , Xu          , Cud         , Cud         , Gs^Fms      , Gs^Fms      , Gs^Fms      , Cud         , Cud         , Cud         , Cud         , Cud         , Cud         , Cud         , Cud         , Xu          , _off^_usr   
_off^_usr   , Xu          , Cud         , 4 Ko        , Cud         , Cud         , Cud         , Ha^Fma      , Cud         , Cud         , Gs^Fms      , Rr^Vhc      , Gs^Fms      , Cud         , Cud         , Ko          , Xu          , Xu          , Gg^Efm      , Gg^Efm      , Ss^Vhs      , Ss          , Ss^Vhs      , Gg^Efm      , Gg^Efm      , Xu          , Xu          , Ko          , Cud         , Cud         , Gs^Fms      , Gs^Vl       , Gs^Fms      , Cud         , Cud         , Ha^Fma      , Cud         , Cud         , Cud         , 3 Ko        , Cud         , Xu          , _off^_usr   
_off^_usr   , Xu          , Cud         , Cud         , Cud         , Cud         , Cud         , Cud         , Cud         , Cud         , Cud         , Gs^Fms      , Cud         , Cud         , Xu          , Xu          , Ww          , Wwf         , Wwf         , Hh^Fds      , Gg^Efm      , Ss^Vhs      , Gg^Efm      , Hh^Fds      , Wwf         , Wwf         , Ww          , Xu          , Xu          , Cud         , Cud         , Gs^Fms      , Cud         , Cud         , Cud         , Cud         , Cud         , Cud         , Cud         , Cud         , Cud         , Xu          , _off^_usr   
_off^_usr   , Xu          , Cud         , Cud         , Cud         , Cud         , Cud         , Dd^Do       , Cud         , Cud         , Cud         , Cud         , Xu          , Xu          , Ww          , Ww          , Wwf         , Wwf         , Wwf         , Gg^Efm      , Gg^Efm      , Hh^Fds      , Gg^Efm      , Gg^Efm      , Wwf         , Wwf         , Wwf         , Ww          , Ww          , Xu          , Xu          , Cud         , Cud         , Cud         , Cud         , Dd^Do       , Cud         , Cud         , Cud         , Cud         , Cud         , Xu          , _off^_usr   
_off^_usr   , Xu          , Re^Gvs      , Re^Gvs      , Re^Gvs      , Cud         , Cud         , Cud         , Cud         , Cud         , Cud         , Cud         , Ww          , Ww          , Ww^Ewf      , Wo          , Ww          , Ww          , Xu          , Xu          , Wwf         , Wwf         , Wwf         , Xu          , Xu          , Ww          , Ww          , Wo          , Ww^Ewf      , Ww          , Ww          , Cud         , Cud         , Cud         , Cud         , Cud         , Cud         , Cud         , Gll^Fp      , Gll^Fp      , Gll^Fp      , Xu          , _off^_usr   
_off^_usr   , Xu          , Re^Gvs      , Gg^Ve       , Re^Gvs      , Cud         , Cud         , Cud         , Cud         , Cud         , Ww          , Ww          , Wo          , Wo          , Ww          , Ww          , Xu          , Xu          , Ko          , Xu          , Ww          , Wwf         , Ww          , Xu          , Ko          , Xu          , Xu          , Ww          , Ww          , Wo          , Wo          , Ww          , Ww          , Cud         , Cud         , Cud         , Cud         , Cud         , Gll^Fp      , Rr^Vd       , Gll^Fp      , Xu          , _off^_usr   
_off^_usr   , Xu          , Cud         , Re^Gvs      , Cud         , Cud         , Cud         , Cud         , Ww          , Ww          , Wo          , Wwf         , Ww          , Ww          , Cud         , Xu          , Cud         , Cud         , Cud         , Xu          , Ww          , Wwf         , Ww          , Xu          , Cud         , Cud         , Cud         , Xu          , Cud         , Ww          , Ww          , Wwf         , Wo          , Ww          , Ww          , Cud         , Cud         , Cud         , Cud         , Gll^Fp      , Cud         , Xu          , _off^_usr   
_off^_usr   , Xu          , Cud         , Cud         , Cud         , Cud         , Ww          , Ww          , Wo          , Wo          , Ww          , Ww          , Cud         , Cud         , Cud         , Cud         , Gs^Fms      , Cud         , Cud         , Xu          , Ww          , Wo          , Ww          , Xu          , Cud         , Cud         , Gs^Fms      , Cud         , Cud         , Cud         , Cud         , Ww          , Ww          , Wo          , Wo          , Ww          , Ww          , Cud         , Cud         , Cud         , Cud         , Xu          , _off^_usr   
_off^_usr   , Xu          , Cud         , Cud         , Ww          , Ww          , Wo          , Wwf         , Ww          , Ww          , Cud         , Cud         , Cud         , Cud         , Cud         , Gs^Fms      , Gs^Vh       , Gs^Fms      , Cud         , Xu          , Ww          , Ww^Ewf      , Ww          , Xu          , Cud         , Gs^Fms      , Gs^Vc       , Gs^Fms      , Cud         , Cud         , Cud         , Cud         , Cud         , Ww          , Ww          , Wwf         , Wo          , Ww          , Ww          , Cud         , Cud         , Xu          , _off^_usr   
_off^_usr   , Xu          , Wwr         , Ww          , Ww          , Wo          , Ww          , Ww          , Cud         , Cud         , Cud         , Cud         , Cud         , Cud         , Cud         , Gs^Fms      , Gs^Fms      , Gs^Fms      , Cud         , Cud         , Ww          , Wo          , Ww          , Cud         , Cud         , Gs^Fms      , Gs^Fms      , Gs^Fms      , Cud         , Cud         , Cud         , Cud         , Cud         , Cud         , Cud         , Ww          , Ww          , Wo          , Ww          , Ww          , Wwr         , Xu          , _off^_usr   
_off^_usr   , Xu          , Wo          , Wo          , Ww          , Ww          , Cud         , Cud         , Cud         , Cud         , Cud         , Dd^Do       , Cud         , Cud         , Ha^Fma      , Cud         , Cud         , Cud         , Cud         , Cud         , Ww          , Wo          , Ww          , Cud         , Cud         , Cud         , Cud         , Cud         , Cud         , Cud         , Cud         , Dd^Do       , Cud         , Cud         , Cud         , Cud         , Cud         , Ww          , Ww          , Wo          , Wo          , Xu          , _off^_usr   
_off^_usr   , Xu          , Wwr         , Wwr         , Cud         , Cud         , Cud         , Cud         , Cud         , Cud         , Cud         , Cud         , Cud         , Cud         , Cud         , Cud         , Cud         , Cud         , Cud         , Cud         , Ww          , Wwf         , Ww          , Cud         , Cud         , Cud         , Cud         , Ha^Fma      , Cud         , Cud         , Cud         , Cud         , Cud         , Cud         , Cud         , Cud         , Cud         , Cud         , Cud         , Wwr         , Wwr         , Xu          , _off^_usr   
_off^_usr   , Xu          , Xu          , Cud         , Cud         , Cud         , Gs^Ft       , Gs^Ft       , Gs^Ft       , Cud         , Cud         , Cud         , 1 Ko        , Cud         , Cud         , Cud         , Dd^Do       , Cud         , Cud         , Cud         , Ww          , Wo          , Ww          , Cud         , Cud         , Cud         , Cud         , Cud         , Cud         , Cud         , 6 Ko        , Cud         , Cud         , Cud         , Re^Gvs      , Re^Gvs      , Re^Gvs      , Cud         , Cud         , Cud         , Xu          , Xu          , _off^_usr   
_off^_usr   , _off^_usr   , _off^_usr   , Xu          , Xu          , Cud         , Gs^Ft       , Gs^Vht      , Gs^Ft       , Cud         , Cud         , Cud         , Cud         , Cud         , Cud         , Cud         , Cud         , Cud         , Cud         , Cud         , Ww          , Wo          , Ww          , Cud         , Cud         , Cud         , Dd^Do       , Cud         , Cud         , Cud         , Cud         , Cud         , Cud         , Cud         , Re^Gvs      , Gg^Ve       , Re^Gvs      , Cud         , Xu          , Xu          , _off^_usr   , _off^_usr   , _off^_usr   
_off^_usr   , _off^_usr   , _off^_usr   , _off^_usr   , _off^_usr   , Xu          , Xu          , Gs^Ft       , Cud         , Cud         , Cud         , Cud         , Cud         , Cud         , Cud         , Cud         , Cud         , Cud         , Cud         , Cud         , Ww          , Wo          , Ww          , Cud         , Cud         , Cud         , Cud         , Cud         , Cud         , Cud         , Cud         , Cud         , Cud         , Cud         , Cud         , Re^Gvs      , Xu          , Xu          , _off^_usr   , _off^_usr   , _off^_usr   , _off^_usr   , _off^_usr   
_off^_usr   , _off^_usr   , _off^_usr   , _off^_usr   , _off^_usr   , _off^_usr   , _off^_usr   , Xu          , Xu          , Cud         , Cud         , Cud         , Cud         , Cud         , Re^Gvs      , Cud         , Cud         , Cud         , Cud         , Cud         , Ww          , Wwf         , Ww          , Cud         , Cud         , Cud         , Cud         , Cud         , Gs^Fds      , Cud         , Cud         , Cud         , Cud         , Cud         , Xu          , Xu          , _off^_usr   , _off^_usr   , _off^_usr   , _off^_usr   , _off^_usr   , _off^_usr   , _off^_usr   
_off^_usr   , _off^_usr   , _off^_usr   , _off^_usr   , _off^_usr   , _off^_usr   , _off^_usr   , _off^_usr   , _off^_usr   , Xu          , Xu          , Cud         , Cud         , Re^Gvs      , Gg^Ve       , Re^Gvs      , Cud         , Cud         , Cud         , Cud         , Ww          , Wo          , Ww          , Cud         , Cud         , Cud         , Cud         , Gs^Fds      , Rr^Vhc      , Gs^Fds      , Cud         , Cud         , Xu          , Xu          , _off^_usr   , _off^_usr   , _off^_usr   , _off^_usr   , _off^_usr   , _off^_usr   , _off^_usr   , _off^_usr   , _off^_usr   
_off^_usr   , _off^_usr   , _off^_usr   , _off^_usr   , _off^_usr   , _off^_usr   , _off^_usr   , _off^_usr   , _off^_usr   , _off^_usr   , _off^_usr   , Xu          , Xu          , Re^Gvs      , Re^Gvs      , Re^Gvs      , Cud         , Cud         , Cud         , Cud         , Ww          , Wo          , Ww          , Cud         , Cud         , Cud         , Cud         , Gs^Fds      , Gs^Fds      , Gs^Fds      , Xu          , Xu          , _off^_usr   , _off^_usr   , _off^_usr   , _off^_usr   , _off^_usr   , _off^_usr   , _off^_usr   , _off^_usr   , _off^_usr   , _off^_usr   , _off^_usr   
_off^_usr   , _off^_usr   , _off^_usr   , _off^_usr   , _off^_usr   , _off^_usr   , _off^_usr   , _off^_usr   , _off^_usr   , _off^_usr   , _off^_usr   , _off^_usr   , _off^_usr   , Xu          , Xu          , Cud         , Cud         , Cud         , Cud         , Cud         , Ww          , Ww          , Ww          , Cud         , Cud         , Cud         , Cud         , Cud         , Xu          , Xu          , _off^_usr   , _off^_usr   , _off^_usr   , _off^_usr   , _off^_usr   , _off^_usr   , _off^_usr   , _off^_usr   , _off^_usr   , _off^_usr   , _off^_usr   , _off^_usr   , _off^_usr   
_off^_usr   , _off^_usr   , _off^_usr   , _off^_usr   , _off^_usr   , _off^_usr   , _off^_usr   , _off^_usr   , _off^_usr   , _off^_usr   , _off^_usr   , _off^_usr   , _off^_usr   , _off^_usr   , _off^_usr   , Xu          , Xu          , Cud         , Cud         , Cud         , Wwr         , Wo          , Wwr         , Cud         , Cud         , Cud         , Xu          , Xu          , _off^_usr   , _off^_usr   , _off^_usr   , _off^_usr   , _off^_usr   , _off^_usr   , _off^_usr   , _off^_usr   , _off^_usr   , _off^_usr   , _off^_usr   , _off^_usr   , _off^_usr   , _off^_usr   , _off^_usr   
_off^_usr   , _off^_usr   , _off^_usr   , _off^_usr   , _off^_usr   , _off^_usr   , _off^_usr   , _off^_usr   , _off^_usr   , _off^_usr   , _off^_usr   , _off^_usr   , _off^_usr   , _off^_usr   , _off^_usr   , _off^_usr   , _off^_usr   , Xu          , Xu          , Cud         , Wwr         , Wo          , Wwr         , Cud         , Xu          , Xu          , _off^_usr   , _off^_usr   , _off^_usr   , _off^_usr   , _off^_usr   , _off^_usr   , _off^_usr   , _off^_usr   , _off^_usr   , _off^_usr   , _off^_usr   , _off^_usr   , _off^_usr   , _off^_usr   , _off^_usr   , _off^_usr   , _off^_usr   
_off^_usr   , _off^_usr   , _off^_usr   , _off^_usr   , _off^_usr   , _off^_usr   , _off^_usr   , _off^_usr   , _off^_usr   , _off^_usr   , _off^_usr   , _off^_usr   , _off^_usr   , _off^_usr   , _off^_usr   , _off^_usr   , _off^_usr   , _off^_usr   , _off^_usr   , Xu          , Xu          , Wo          , Xu          , Xu          , _off^_usr   , _off^_usr   , _off^_usr   , _off^_usr   , _off^_usr   , _off^_usr   , _off^_usr   , _off^_usr   , _off^_usr   , _off^_usr   , _off^_usr   , _off^_usr   , _off^_usr   , _off^_usr   , _off^_usr   , _off^_usr   , _off^_usr   , _off^_usr   , _off^_usr   
_off^_usr   , _off^_usr   , _off^_usr   , _off^_usr   , _off^_usr   , _off^_usr   , _off^_usr   , _off^_usr   , _off^_usr   , _off^_usr   , _off^_usr   , _off^_usr   , _off^_usr   , _off^_usr   , _off^_usr   , _off^_usr   , _off^_usr   , _off^_usr   , _off^_usr   , _off^_usr   , _off^_usr   , Xu          , _off^_usr   , _off^_usr   , _off^_usr   , _off^_usr   , _off^_usr   , _off^_usr   , _off^_usr   , _off^_usr   , _off^_usr   , _off^_usr   , _off^_usr   , _off^_usr   , _off^_usr   , _off^_usr   , _off^_usr   , _off^_usr   , _off^_usr   , _off^_usr   , _off^_usr   , _off^_usr   , _off^_usr   
